[    0.000000] Linux version 4.15.0-109-generic (buildd@lgw01-amd64-010) (gcc version 7.5.0 (Ubuntu 7.5.0-3ubuntu1~18.04)) #110-Ubuntu SMP Tue Jun 23 02:39:32 UTC 2020 (Ubuntu 4.15.0-109.110-generic 4.15.18)
[    0.000000] Command line: BOOT_IMAGE=/boot/vmlinuz-4.15.0-109-generic root=UUID=7e8b22db-9849-4abd-a8e3-491271b94bd0 ro console=tty1 console=ttyS0
[    0.000000] KERNEL supported cpus:
[    0.000000]   Intel GenuineIntel
[    0.000000]   AMD AuthenticAMD
[    0.000000]   Centaur CentaurHauls
[    0.000000] x86/fpu: Supporting XSAVE feature 0x001: 'x87 floating point registers'
[    0.000000] x86/fpu: Supporting XSAVE feature 0x002: 'SSE registers'
[    0.000000] x86/fpu: Supporting XSAVE feature 0x004: 'AVX registers'
[    0.000000] x86/fpu: xstate_offset[2]:  576, xstate_sizes[2]:  256
[    0.000000] x86/fpu: Enabled xstate features 0x7, context size is 832 bytes, using 'standard' format.
[    0.000000] e820: BIOS-provided physical RAM map:
[    0.000000] BIOS-e820: [mem 0x0000000000000000-0x000000000009fbff] usable
[    0.000000] BIOS-e820: [mem 0x000000000009fc00-0x000000000009ffff] reserved
[    0.000000] BIOS-e820: [mem 0x00000000000f0000-0x00000000000fffff] reserved
[    0.000000] BIOS-e820: [mem 0x0000000000100000-0x00000000bcfeffff] usable
[    0.000000] BIOS-e820: [mem 0x00000000bcff0000-0x00000000bcffffff] ACPI data
[    0.000000] BIOS-e820: [mem 0x00000000fec00000-0x00000000fec00fff] reserved
[    0.000000] BIOS-e820: [mem 0x00000000fee00000-0x00000000fee00fff] reserved
[    0.000000] BIOS-e820: [mem 0x00000000fffc0000-0x00000000ffffffff] reserved
[    0.000000] NX (Execute Disable) protection: active
[    0.000000] SMBIOS 2.5 present.
[    0.000000] DMI: innotek GmbH VirtualBox/VirtualBox, BIOS VirtualBox 12/01/2006
[    0.000000] Hypervisor detected: KVM
[    0.000000] e820: last_pfn = 0xbcff0 max_arch_pfn = 0x400000000
[    0.000000] MTRR: Disabled
[    0.000000] x86/PAT: MTRRs disabled, skipping PAT initialization too.
[    0.000000] CPU MTRRs all blank - virtualized system.
[    0.000000] x86/PAT: Configuration [0-7]: WB  WT  UC- UC  WB  WT  UC- UC  
[    0.000000] found SMP MP-table at [mem 0x0009fff0-0x0009ffff]
[    0.000000] Scanning 1 areas for low memory corruption
[    0.000000] RAMDISK: [mem 0x3595d000-0x36ca5fff]
[    0.000000] ACPI: Early table checksum verification disabled
[    0.000000] ACPI: RSDP 0x00000000000E0000 000024 (v02 VBOX  )
[    0.000000] ACPI: XSDT 0x00000000BCFF0030 00003C (v01 VBOX   VBOXXSDT 00000001 ASL  00000061)
[    0.000000] ACPI: FACP 0x00000000BCFF00F0 0000F4 (v04 VBOX   VBOXFACP 00000001 ASL  00000061)
[    0.000000] ACPI: DSDT 0x00000000BCFF0470 002325 (v02 VBOX   VBOXBIOS 00000002 INTL 20100528)
[    0.000000] ACPI: FACS 0x00000000BCFF0200 000040
[    0.000000] ACPI: FACS 0x00000000BCFF0200 000040
[    0.000000] ACPI: APIC 0x00000000BCFF0240 00005C (v02 VBOX   VBOXAPIC 00000001 ASL  00000061)
[    0.000000] ACPI: SSDT 0x00000000BCFF02A0 0001CC (v01 VBOX   VBOXCPUT 00000002 INTL 20100528)
[    0.000000] No NUMA configuration found
[    0.000000] Faking a node at [mem 0x0000000000000000-0x00000000bcfeffff]
[    0.000000] NODE_DATA(0) allocated [mem 0xbcfc5000-0xbcfeffff]
[    0.000000] kvm-clock: cpu 0, msr 0:bcf44001, primary cpu clock
[    0.000000] kvm-clock: Using msrs 4b564d01 and 4b564d00
[    0.000000] kvm-clock: using sched offset of 7376895691 cycles
[    0.000000] clocksource: kvm-clock: mask: 0xffffffffffffffff max_cycles: 0x1cd42e4dffb, max_idle_ns: 881590591483 ns
[    0.000000] Zone ranges:
[    0.000000]   DMA      [mem 0x0000000000001000-0x0000000000ffffff]
[    0.000000]   DMA32    [mem 0x0000000001000000-0x00000000bcfeffff]
[    0.000000]   Normal   empty
[    0.000000]   Device   empty
[    0.000000] Movable zone start for each node
[    0.000000] Early memory node ranges
[    0.000000]   node   0: [mem 0x0000000000001000-0x000000000009efff]
[    0.000000]   node   0: [mem 0x0000000000100000-0x00000000bcfeffff]
[    0.000000] Reserved but unavailable: 98 pages
[    0.000000] Initmem setup node 0 [mem 0x0000000000001000-0x00000000bcfeffff]
[    0.000000] ACPI: PM-Timer IO Port: 0x4008
[    0.000000] IOAPIC[0]: apic_id 2, version 32, address 0xfec00000, GSI 0-23
[    0.000000] ACPI: INT_SRC_OVR (bus 0 bus_irq 0 global_irq 2 dfl dfl)
[    0.000000] ACPI: INT_SRC_OVR (bus 0 bus_irq 9 global_irq 9 low level)
[    0.000000] Using ACPI (MADT) for SMP configuration information
[    0.000000] smpboot: Allowing 2 CPUs, 0 hotplug CPUs
[    0.000000] PM: Registered nosave memory: [mem 0x00000000-0x00000fff]
[    0.000000] PM: Registered nosave memory: [mem 0x0009f000-0x0009ffff]
[    0.000000] PM: Registered nosave memory: [mem 0x000a0000-0x000effff]
[    0.000000] PM: Registered nosave memory: [mem 0x000f0000-0x000fffff]
[    0.000000] e820: [mem 0xbd000000-0xfebfffff] available for PCI devices
[    0.000000] Booting paravirtualized kernel on KVM
[    0.000000] clocksource: refined-jiffies: mask: 0xffffffff max_cycles: 0xffffffff, max_idle_ns: 7645519600211568 ns
[    0.000000] random: get_random_bytes called from start_kernel+0x99/0x500 with crng_init=0
[    0.000000] setup_percpu: NR_CPUS:8192 nr_cpumask_bits:2 nr_cpu_ids:2 nr_node_ids:1
[    0.000000] percpu: Embedded 45 pages/cpu s147456 r8192 d28672 u1048576
[    0.000000] PV qspinlock hash table entries: 256 (order: 0, 4096 bytes)
[    0.000000] Built 1 zonelists, mobility grouping on.  Total pages: 761913
[    0.000000] Policy zone: DMA32
[    0.000000] Kernel command line: BOOT_IMAGE=/boot/vmlinuz-4.15.0-109-generic root=UUID=7e8b22db-9849-4abd-a8e3-491271b94bd0 ro console=tty1 console=ttyS0
[    0.000000] Memory: 2997736K/3096120K available (12300K kernel code, 2481K rwdata, 4272K rodata, 2436K init, 2720K bss, 98384K reserved, 0K cma-reserved)
[    0.000000] SLUB: HWalign=64, Order=0-3, MinObjects=0, CPUs=2, Nodes=1
[    0.000000] Kernel/User page tables isolation: enabled
[    0.000000] ftrace: allocating 39378 entries in 154 pages
[    0.004000] Hierarchical RCU implementation.
[    0.004000] 	RCU restricting CPUs from NR_CPUS=8192 to nr_cpu_ids=2.
[    0.004000] 	Tasks RCU enabled.
[    0.004000] RCU: Adjusting geometry for rcu_fanout_leaf=16, nr_cpu_ids=2
[    0.004000] NR_IRQS: 524544, nr_irqs: 440, preallocated irqs: 16
[    0.004000] Console: colour VGA+ 80x25
[    0.004000] console [tty1] enabled
[    0.004000] console [ttyS0] enabled
[    0.004000] ACPI: Core revision 20170831
[    0.004000] ACPI: 2 ACPI AML tables successfully acquired and loaded
[    0.004000] APIC: Switch to symmetric I/O mode setup
[    0.004000] x2apic enabled
[    0.004000] Switched APIC routing to physical x2apic.
[    0.008000] ..TIMER: vector=0x30 apic1=0 pin1=2 apic2=-1 pin2=-1
[    0.008008] tsc: Detected 2594.110 MHz processor
[    0.009785] Calibrating delay loop (skipped) preset value.. 5188.22 BogoMIPS (lpj=10376440)
[    0.012011] pid_max: default: 32768 minimum: 301
[    0.016084] Security Framework initialized
[    0.017752] Yama: becoming mindful.
[    0.020049] AppArmor: AppArmor initialized
[    0.024435] Dentry cache hash table entries: 524288 (order: 10, 4194304 bytes)
[    0.030239] Inode-cache hash table entries: 262144 (order: 9, 2097152 bytes)
[    0.032049] Mount-cache hash table entries: 8192 (order: 4, 65536 bytes)
[    0.034555] Mountpoint-cache hash table entries: 8192 (order: 4, 65536 bytes)
[    0.036672] Last level iTLB entries: 4KB 512, 2MB 8, 4MB 8
[    0.040006] Last level dTLB entries: 4KB 512, 2MB 32, 4MB 32, 1GB 0
[    0.042364] Spectre V1 : Mitigation: usercopy/swapgs barriers and __user pointer sanitization
[    0.044008] Spectre V2 : Mitigation: Full generic retpoline
[    0.048005] Spectre V2 : Spectre v2 / SpectreRSB mitigation: Filling RSB on context switch
[    0.052005] Speculative Store Bypass: Vulnerable
[    0.054102] SRBDS: Unknown: Dependent on hypervisor status
[    0.056007] MDS: Vulnerable: Clear CPU buffers attempted, no microcode
[    0.059451] Freeing SMP alternatives memory: 36K
[    0.174165] smpboot: CPU0: Intel(R) Core(TM) i5-3230M CPU @ 2.60GHz (family: 0x6, model: 0x3a, stepping: 0x9)
[    0.176235] Performance Events: unsupported p6 CPU model 58 no PMU driver, software events only.
[    0.179757] Hierarchical SRCU implementation.
[    0.180853] NMI watchdog: Perf event create on CPU 0 failed with -2
[    0.184007] NMI watchdog: Perf NMI watchdog permanently disabled
[    0.186840] smp: Bringing up secondary CPUs ...
[    0.189894] x86: Booting SMP configuration:
[    0.192007] .... node  #0, CPUs:      #1
[    0.004000] kvm-clock: cpu 1, msr 0:bcf44041, secondary cpu clock
[    0.199174] smp: Brought up 1 node, 2 CPUs
[    0.200013] smpboot: Max logical packages: 1
[    0.202152] smpboot: Total of 2 processors activated (10376.44 BogoMIPS)
[    0.204415] devtmpfs: initialized
[    0.208126] x86/mm: Memory block size: 128MB
[    0.210811] evm: security.selinux
[    0.212006] evm: security.SMACK64
[    0.213232] evm: security.SMACK64EXEC
[    0.214609] evm: security.SMACK64TRANSMUTE
[    0.216003] evm: security.SMACK64MMAP
[    0.217658] evm: security.apparmor
[    0.220008] evm: security.ima
[    0.221578] evm: security.capability
[    0.224278] clocksource: jiffies: mask: 0xffffffff max_cycles: 0xffffffff, max_idle_ns: 7645041785100000 ns
[    0.228043] futex hash table entries: 512 (order: 3, 32768 bytes)
[    0.230934] pinctrl core: initialized pinctrl subsystem
[    0.232374] RTC time: 12:38:49, date: 07/07/20
[    0.236587] NET: Registered protocol family 16
[    0.240365] audit: initializing netlink subsys (disabled)
[    0.243046] audit: type=2000 audit(1594125538.391:1): state=initialized audit_enabled=0 res=1
[    0.244040] cpuidle: using governor ladder
[    0.248033] cpuidle: using governor menu
[    0.250251] ACPI: bus type PCI registered
[    0.252011] acpiphp: ACPI Hot Plug PCI Controller Driver version: 0.5
[    0.256340] PCI: Using configuration type 1 for base access
[    0.264648] HugeTLB registered 2.00 MiB page size, pre-allocated 0 pages
[    0.268214] ACPI: Added _OSI(Module Device)
[    0.272026] ACPI: Added _OSI(Processor Device)
[    0.274117] ACPI: Added _OSI(3.0 _SCP Extensions)
[    0.276050] ACPI: Added _OSI(Processor Aggregator Device)
[    0.278582] ACPI: Added _OSI(Linux-Dell-Video)
[    0.280015] ACPI: Added _OSI(Linux-Lenovo-NV-HDMI-Audio)
[    0.282369] ACPI: Added _OSI(Linux-HPI-Hybrid-Graphics)
[    0.284802] ACPI: Executed 1 blocks of module-level executable AML code
[    0.307300] ACPI: Interpreter enabled
[    0.308054] ACPI: (supports S0 S5)
[    0.309742] ACPI: Using IOAPIC for interrupt routing
[    0.313189] PCI: Using host bridge windows from ACPI; if necessary, use "pci=nocrs" and report a bug
[    0.316685] ACPI: Enabled 2 GPEs in block 00 to 07
[    0.345173] ACPI: PCI Root Bridge [PCI0] (domain 0000 [bus 00-ff])
[    0.348025] acpi PNP0A03:00: _OSC: OS supports [ASPM ClockPM Segments MSI]
[    0.353160] acpi PNP0A03:00: _OSC: not requesting OS control; OS requires [ExtendedConfig ASPM ClockPM MSI]
[    0.356048] acpi PNP0A03:00: fail to add MMCONFIG information, can't access extended PCI configuration space under this bridge.
[    0.364096] PCI host bridge to bus 0000:00
[    0.366093] pci_bus 0000:00: root bus resource [io  0x0000-0x0cf7 window]
[    0.368019] pci_bus 0000:00: root bus resource [io  0x0d00-0xffff window]
[    0.372033] pci_bus 0000:00: root bus resource [mem 0x000a0000-0x000bffff window]
[    0.376014] pci_bus 0000:00: root bus resource [mem 0xbd000000-0xfdffffff window]
[    0.379441] pci_bus 0000:00: root bus resource [bus 00-ff]
[    0.386472] pci 0000:00:01.1: legacy IDE quirk: reg 0x10: [io  0x01f0-0x01f7]
[    0.388011] pci 0000:00:01.1: legacy IDE quirk: reg 0x14: [io  0x03f6]
[    0.392007] pci 0000:00:01.1: legacy IDE quirk: reg 0x18: [io  0x0170-0x0177]
[    0.396008] pci 0000:00:01.1: legacy IDE quirk: reg 0x1c: [io  0x0376]
[    0.457844] pci 0000:00:07.0: quirk: [io  0x4000-0x403f] claimed by PIIX4 ACPI
[    0.460032] pci 0000:00:07.0: quirk: [io  0x4100-0x410f] claimed by PIIX4 SMB
[    0.503777] ACPI: PCI Interrupt Link [LNKA] (IRQs 5 9 10 *11)
[    0.505277] ACPI: PCI Interrupt Link [LNKB] (IRQs 5 9 *10 11)
[    0.508396] ACPI: PCI Interrupt Link [LNKC] (IRQs 5 *9 10 11)
[    0.512387] ACPI: PCI Interrupt Link [LNKD] (IRQs 5 9 10 *11)
[    0.516349] SCSI subsystem initialized
[    0.518293] pci 0000:00:02.0: vgaarb: setting as boot VGA device
[    0.518694] pci 0000:00:02.0: vgaarb: VGA device added: decodes=io+mem,owns=io+mem,locks=none
[    0.520014] pci 0000:00:02.0: vgaarb: bridge control possible
[    0.522580] vgaarb: loaded
[    0.524098] ACPI: bus type USB registered
[    0.525963] usbcore: registered new interface driver usbfs
[    0.528032] usbcore: registered new interface driver hub
[    0.532056] usbcore: registered new device driver usb
[    0.534240] EDAC MC: Ver: 3.0.0
[    0.536527] PCI: Using ACPI for IRQ routing
[    0.538603] NetLabel: Initializing
[    0.540007] NetLabel:  domain hash size = 128
[    0.541862] NetLabel:  protocols = UNLABELED CIPSOv4 CALIPSO
[    0.544039] NetLabel:  unlabeled traffic allowed by default
[    0.548285] clocksource: Switched to clocksource kvm-clock
[    0.590695] VFS: Disk quotas dquot_6.6.0
[    0.592297] VFS: Dquot-cache hash table entries: 512 (order 0, 4096 bytes)
[    0.595028] AppArmor: AppArmor Filesystem Enabled
[    0.597075] pnp: PnP ACPI init
[    0.601863] pnp: PnP ACPI: found 3 devices
[    0.625210] clocksource: acpi_pm: mask: 0xffffff max_cycles: 0xffffff, max_idle_ns: 2085701024 ns
[    0.630142] NET: Registered protocol family 2
[    0.633424] TCP established hash table entries: 32768 (order: 6, 262144 bytes)
[    0.640476] TCP bind hash table entries: 32768 (order: 7, 524288 bytes)
[    0.644072] TCP: Hash tables configured (established 32768 bind 32768)
[    0.647091] UDP hash table entries: 2048 (order: 4, 65536 bytes)
[    0.650096] UDP-Lite hash table entries: 2048 (order: 4, 65536 bytes)
[    0.653681] NET: Registered protocol family 1
[    0.655709] pci 0000:00:00.0: Limiting direct PCI/PCI transfers
[    0.658106] pci 0000:00:01.0: Activating ISA DMA hang workarounds
[    0.660272] pci 0000:00:02.0: Video device with shadowed ROM at [mem 0x000c0000-0x000dffff]
[    0.663548] Unpacking initramfs...
[    1.528637] Freeing initrd memory: 19748K
[    1.530353] clocksource: tsc: mask: 0xffffffffffffffff max_cycles: 0x25648013570, max_idle_ns: 440795335968 ns
[    1.533977] platform rtc_cmos: registered platform RTC device (no PNP device found)
[    1.536776] Scanning for low memory corruption every 60 seconds
[    1.540141] Initialise system trusted keyrings
[    1.541748] Key type blacklist registered
[    1.543380] workingset: timestamp_bits=36 max_order=20 bucket_order=0
[    1.550054] zbud: loaded
[    1.552223] squashfs: version 4.0 (2009/01/31) Phillip Lougher
[    1.554793] fuse init (API version 7.26)
[    1.559762] Key type asymmetric registered
[    1.561357] Asymmetric key parser 'x509' registered
[    1.563292] Block layer SCSI generic (bsg) driver version 0.4 loaded (major 246)
[    1.566025] io scheduler noop registered
[    1.567439] io scheduler deadline registered
[    1.569124] io scheduler cfq registered (default)
[    1.571308] ACPI: AC Adapter [AC] (on-line)
[    1.573040] input: Power Button as /devices/LNXSYSTM:00/LNXPWRBN:00/input/input0
[    1.575737] ACPI: Power Button [PWRF]
[    1.577446] input: Sleep Button as /devices/LNXSYSTM:00/LNXSLPBN:00/input/input1
[    1.580070] ACPI: Sleep Button [SLPF]
[    1.584550] Serial: 8250/16550 driver, 32 ports, IRQ sharing enabled
[    1.587047] ACPI: Battery Slot [BAT0] (battery present)
[    1.609798] 00:02: ttyS0 at I/O 0x3f8 (irq = 4, base_baud = 115200) is a 16550A
[    1.616217] Linux agpgart interface v0.103
[    1.620082] loop: module loaded
[    1.622511] scsi host0: ata_piix
[    1.623971] scsi host1: ata_piix
[    1.625366] ata1: PATA max UDMA/33 cmd 0x1f0 ctl 0x3f6 bmdma 0xd000 irq 14
[    1.627625] ata2: PATA max UDMA/33 cmd 0x170 ctl 0x376 bmdma 0xd008 irq 15
[    1.630273] libphy: Fixed MDIO Bus: probed
[    1.632055] tun: Universal TUN/TAP device driver, 1.6
[    1.634083] PPP generic driver version 2.4.2
[    1.635686] ehci_hcd: USB 2.0 'Enhanced' Host Controller (EHCI) Driver
[    1.637921] ehci-pci: EHCI PCI platform driver
[    1.639531] ehci-platform: EHCI generic platform driver
[    1.641606] ohci_hcd: USB 1.1 'Open' Host Controller (OHCI) Driver
[    1.643974] ohci-pci: OHCI PCI platform driver
[    1.645629] ohci-platform: OHCI generic platform driver
[    1.647541] uhci_hcd: USB Universal Host Controller Interface driver
[    1.650034] i8042: PNP: PS/2 Controller [PNP0303:PS2K,PNP0f03:PS2M] at 0x60,0x64 irq 1,12
[    1.654181] serio: i8042 KBD port at 0x60,0x64 irq 1
[    1.656852] serio: i8042 AUX port at 0x60,0x64 irq 12
[    1.658781] mousedev: PS/2 mouse device common for all mice
[    1.661265] input: AT Translated Set 2 keyboard as /devices/platform/i8042/serio0/input/input2
[    1.665026] rtc_cmos rtc_cmos: rtc core: registered rtc_cmos as rtc0
[    1.667265] rtc_cmos rtc_cmos: alarms up to one day, 114 bytes nvram
[    1.669475] i2c /dev entries driver
[    1.670890] device-mapper: uevent: version 1.0.3
[    1.672790] device-mapper: ioctl: 4.37.0-ioctl (2017-09-20) initialised: dm-devel@redhat.com
[    1.676119] ledtrig-cpu: registered to indicate activity on CPUs
[    1.679504] NET: Registered protocol family 10
[    1.689948] Segment Routing with IPv6
[    1.691743] NET: Registered protocol family 17
[    1.694015] Key type dns_resolver registered
[    1.695963] mce: Using 0 MCE banks
[    1.705955] RAS: Correctable Errors collector initialized.
[    1.708338] sched_clock: Marking stable (1705909920, 0)->(2236902425, -530992505)
[    1.712580] registered taskstats version 1
[    1.714658] Loading compiled-in X.509 certificates
[    1.722964] Loaded X.509 cert 'Build time autogenerated kernel key: 495c641868e7df5e32bc382f03c4f4fc9cad4e78'
[    1.727658] zswap: loaded using pool lzo/zbud
[    1.740559] Key type big_key registered
[    1.742416] Key type trusted registered
[    1.748440] Key type encrypted registered
[    1.750247] AppArmor: AppArmor sha1 policy hashing enabled
[    1.752620] ima: No TPM chip found, activating TPM-bypass! (rc=-19)
[    1.755295] ima: Allocated hash algorithm: sha1
[    1.757390] evm: HMAC attrs: 0x1
[    1.759465]   Magic number: 12:384:632
[    1.761417] rtc_cmos rtc_cmos: setting system clock to 2020-07-07 12:38:50 UTC (1594125530)
[    1.765180] BIOS EDD facility v0.16 2004-Jun-25, 0 devices found
[    1.767919] EDD information not available.
[    2.074643] Freeing unused kernel image memory: 2436K
[    2.092201] Write protecting the kernel read-only data: 20480k
[    2.096168] Freeing unused kernel image memory: 2008K
[    2.098957] Freeing unused kernel image memory: 1872K
[    2.139438] x86/mm: Checked W+X mappings: passed, no W+X pages found.
[    2.142431] x86/mm: Checking user space page tables
[    2.191166] x86/mm: Checked W+X mappings: passed, no W+X pages found.
Loading, please wait...
starting version 237
[    2.413739] e1000: Intel(R) PRO/1000 Network Driver - version 7.3.21-k8-NAPI
[    2.419723] e1000: Copyright (c) 1999-2006 Intel Corporation.
[    2.433489] Fusion MPT base driver 3.04.20
[    2.435808] Copyright (c) 1999-2008 LSI Corporation
[    2.460102] Fusion MPT SPI Host driver 3.04.20
[    2.473181] AVX version of gcm_enc/dec engaged.
[    2.475341] AES CTR mode by8 optimization enabled
[    2.652363] input: ImExPS/2 Generic Explorer Mouse as /devices/platform/i8042/serio1/input/input4
[    2.990026] e1000 0000:00:03.0 eth0: (PCI:33MHz:32-bit) 02:54:57:2b:5c:0a
[    2.994081] e1000 0000:00:03.0 eth0: Intel(R) PRO/1000 Network Connection
[    3.522135] e1000 0000:00:08.0 eth1: (PCI:33MHz:32-bit) 08:00:27:c6:da:61
[    3.524945] e1000 0000:00:08.0 eth1: Intel(R) PRO/1000 Network Connection
[    3.531087] e1000 0000:00:08.0 enp0s8: renamed from eth1
[    3.534079] mptbase: ioc0: Initiating bringup
[    3.549360] e1000 0000:00:03.0 enp0s3: renamed from eth0
[    3.629014] ioc0: LSI53C1030 A0: Capabilities={Initiator}
[    3.875902] scsi host2: ioc0: LSI53C1030 A0, FwRev=00000000h, Ports=1, MaxQ=256, IRQ=20
[    4.053044] scsi 2:0:0:0: Direct-Access     VBOX     HARDDISK         1.0  PQ: 0 ANSI: 5
[    4.088061] scsi target2:0:0: Beginning Domain Validation
[    4.093280] scsi target2:0:0: Domain Validation skipping write tests
[    4.096213] scsi target2:0:0: Ending Domain Validation
[    4.098886] scsi target2:0:0: asynchronous
[    4.102196] scsi 2:0:1:0: Direct-Access     VBOX     HARDDISK         1.0  PQ: 0 ANSI: 5
[    4.136348] scsi target2:0:1: Beginning Domain Validation
[    4.140052] random: fast init done
[    4.144079] scsi target2:0:1: Domain Validation skipping write tests
[    4.146869] scsi target2:0:1: Ending Domain Validation
[    4.149665] scsi target2:0:1: asynchronous
[    4.164292] random: systemd-udevd: uninitialized urandom read (16 bytes read)
[    4.167796] sd 2:0:0:0: Attached scsi generic sg0 type 0
[    4.167877] random: systemd-udevd: uninitialized urandom read (16 bytes read)
[    4.173792] random: systemd-udevd: uninitialized urandom read (16 bytes read)
[    4.177218] sd 2:0:0:0: [sda] 20971520 512-byte logical blocks: (10.7 GB/10.0 GiB)
[    4.178413] sd 2:0:1:0: Attached scsi generic sg1 type 0
[    4.184424] sd 2:0:0:0: [sda] Write Protect is off
[    4.186887] sd 2:0:1:0: [sdb] 20480 512-byte logical blocks: (10.5 MB/10.0 MiB)
[    4.194722] sd 2:0:0:0: [sda] Incomplete mode parameter data
[    4.199418] sd 2:0:0:0: [sda] Assuming drive cache: write through
[    4.202894] sd 2:0:1:0: [sdb] Write Protect is off
[    4.206138] sd 2:0:1:0: [sdb] Incomplete mode parameter data
[    4.209289] sd 2:0:1:0: [sdb] Assuming drive cache: write through
[    4.225266]  sda: sda1
[    4.229657] sd 2:0:0:0: [sda] Attached SCSI disk
[    4.246858] sd 2:0:1:0: [sdb] Attached SCSI disk
Begin: Loading essential drivers ... [    6.856588] raid6: sse2x1   gen()  2149 MB/s
[    6.904327] raid6: sse2x1   xor()  1244 MB/s
[    6.952292] raid6: sse2x2   gen()  2566 MB/s
[    7.000087] raid6: sse2x2   xor()  1750 MB/s
[    7.048111] raid6: sse2x4   gen()  1474 MB/s
[    7.117993] raid6: sse2x4   xor()  1667 MB/s
[    7.121144] raid6: using algorithm sse2x2 gen() 2566 MB/s
[    7.124288] raid6: .... xor() 1750 MB/s, rmw enabled
[    7.127917] raid6: using ssse3x2 recovery algorithm
[    7.135830] xor: automatically using best checksumming function   avx       
[    7.143649] async_tx: api initialized (async)
done.
Begin: Running /scripts/init-premount ... done.
Begin: Mounting root file system ... Begin: Running /scripts/local-top ... done.
Begin: Running /scripts/local-premount ... [    7.663015] Btrfs loaded, crc32c=crc32c-intel
Scanning for Btrfs filesystems
done.
Warning: fsck not present, so skipping root file system
[    8.282466] EXT4-fs (sda1): mounted filesystem with ordered data mode. Opts: (null)
done.
Begin: Running /scripts/local-bottom ... done.
Begin: Running /scripts/init-bottom ... done.
[   10.043066] random: crng init done
[   10.046544] random: 7 urandom warning(s) missed due to ratelimiting
[   12.646836] ip_tables: (C) 2000-2006 Netfilter Core Team
[   13.004110] systemd[1]: systemd 237 running in system mode. (+PAM +AUDIT +SELINUX +IMA +APPARMOR +SMACK +SYSVINIT +UTMP +LIBCRYPTSETUP +GCRYPT +GNUTLS +ACL +XZ +LZ4 +SECCOMP +BLKID +ELFUTILS +KMOD -IDN2 +IDN -PCRE2 default-hierarchy=hybrid)
[   13.016632] systemd[1]: Detected virtualization oracle.
[   13.019214] systemd[1]: Detected architecture x86-64.

Welcome to [1mUbuntu 18.04.4 LTS[0m!

[   13.141512] systemd[1]: Set hostname to <laravelbionic>.
[   18.555051] systemd[1]: Reached target Swap.
[[0;32m  OK  [0m] Reached target Swap.
[   19.037067] systemd[1]: Created slice User and Session Slice.
[[0;32m  OK  [0m] Created slice User and Session Slice.
[   19.042599] systemd[1]: Created slice System Slice.
[[0;32m  OK  [0m] Created slice System Slice.
[   19.083305] systemd[1]: Listening on Syslog Socket.
[[0;32m  OK  [0m] Listening on Syslog Socket.
[   19.090584] systemd[1]: Listening on LVM2 poll daemon socket.
[[0;32m  OK  [0m] Listening on LVM2 poll daemon socket.
[   19.098346] systemd[1]: Listening on LVM2 metadata daemon socket.
[[0;32m  OK  [0m] Listening on LVM2 metadata daemon socket.
[   19.105646] systemd[1]: Created slice system-serial\x2dgetty.slice.
[[0;32m  OK  [0m] Created slice system-serial\x2dgetty.slice.
[   19.115202] systemd[1]: Listening on udev Control Socket.
[[0;32m  OK  [0m] Listening on udev Control Socket.
[   19.136732] systemd[1]: Listening on Journal Audit Socket.
[[0;32m  OK  [0m] Listening on Journal Audit Socket.
[   19.519098] systemd[1]: Listening on Journal Socket (/dev/log).
[[0;32m  OK  [0m] Listening on Journal Socket (/dev/log).
[[0;32m  OK  [0m] Listening on udev Kernel Socket.
[[0;32m  OK  [0m] Set up automount Arbitrary Executabâ€¦rmats File System Automount Point.
[[0;32m  OK  [0m] Started Forward Password Requests to Wall Directory Watch.
[[0;32m  OK  [0m] Listening on Device-mapper event daemon FIFOs.
[[0;32m  OK  [0m] Listening on /dev/initctl Compatibility Named Pipe.
[[0;32m  OK  [0m] Reached target System Time Synchronized.
[[0;32m  OK  [0m] Reached target Slices.
[[0;32m  OK  [0m] Listening on Journal Socket.
         Starting udev Coldplug all Devices...
         Starting Monitoring of LVM2 mirrorsâ€¦ng dmeventd or progress polling...
         Mounting Kernel Debug File System...
         Starting Remount Root and Kernel File Systems...
         Mounting Huge Pages File System...
         Starting Set the console keyboard layout...
         Starting Create list of required stâ€¦ce nodes for the current kernel...
         Starting Load Kernel Modules...
         Starting Uncomplicated firewall...
         Starting Journal Service...
         Mounting POSIX Message Queue File System...
[[0;32m  OK  [0m] Reached target User and Group Name Lookups.
[[0;32m  OK  [0m] Listening on Network Service Netlink Socket.
[[0;32m  OK  [0m] Started Create list of required staâ€¦vice nodes for the current kernel.
         Starting Create Static Device Nodes in /dev...
[[0;32m  OK  [0m] Mounted Kernel Debug File System.
[[0;32m  OK  [0m] Mounted POSIX Message Queue File System.
[[0;32m  OK  [0m] Mounted Huge Pages File System.
[[0;32m  OK  [0m] Started udev Coldplug all Devices.
[   20.003673] EXT4-fs (sda1): re-mounted. Opts: (null)
[[0;32m  OK  [0m] Started Remount Root and Kernel File Systems.
[   20.131441] Loading iSCSI transport class v2.0-870.
         Starting Load/Save Random Seed...
[[0;32m  OK  [0m] Started Uncomplicated firewall.
[[0;32m  OK  [0m] Started Create Static Device Nodes in /dev.
         Starting udev Kernel Device Manager...
[[0;32m  OK  [0m] Started Journal Service.
         Starting Flush Journal to Persistent Storage...
[[0;32m  OK  [0m] Started LVM2 metadata daemon.
[   20.567007] iscsi: registered transport (tcp)
[   20.651276] systemd-journald[415]: Received request to flush runtime journal from PID 1
[[0;32m  OK  [0m] Started Load/Save Random Seed.
[[0;32m  OK  [0m] Started Set the console keyboard layout.
[   21.209538] iscsi: registered transport (iser)
[[0;32m  OK  [0m] Started Load Kernel Modules.
         Mounting FUSE Control File System...
         Starting Apply Kernel Variables...
         Mounting Kernel Configuration File System...
[[0;32m  OK  [0m] Mounted FUSE Control File System.
[[0;32m  OK  [0m] Mounted Kernel Configuration File System.
[[0;32m  OK  [0m] Started Monitoring of LVM2 mirrors,â€¦sing dmeventd or progress polling.
[[0;32m  OK  [0m] Reached target Local File Systems (Pre).
[[0;32m  OK  [0m] Reached target Local File Systems.
         Starting ebtables ruleset management...
         Starting Tell Plymouth To Write Out Runtime Data...
         Starting AppArmor initialization...
         Starting Set console font and keymap...
[[0;32m  OK  [0m] Started Set console font and keymap.
[[0;32m  OK  [0m] Started Tell Plymouth To Write Out Runtime Data.
[[0;32m  OK  [0m] Started Apply Kernel Variables.
[[0;32m  OK  [0m] Started ebtables ruleset management.
[[0;32m  OK  [0m] Started udev Kernel Device Manager.
[[0;32m  OK  [0m] Started Dispatch Password Requests to Console Directory Watch.
[[0;32m  OK  [0m] Reached target Local Encrypted Volumes.
[[0;32m  OK  [0m] Found device /dev/ttyS0.
[[0;32m  OK  [0m] Listening on Load/Save RF Kill Switch Status /dev/rfkill Watch.
[[0;32m  OK  [0m] Started AppArmor initialization.
[[0;32m  OK  [0m] Started Flush Journal to Persistent Storage.
         Starting Create Volatile Files and Directories...
[[0;32m  OK  [0m] Started Create Volatile Files and Directories.
         Starting Update UTMP about System Boot/Shutdown...
         Starting Initial cloud-init job (pre-networking)...
[[0;32m  OK  [0m] Started Update UTMP about System Boot/Shutdown.
[   47.855886] cloud-init[595]: Cloud-init v. 19.4-33-gbb4131a2-0ubuntu1~18.04.1 running 'init-local' at Tue, 07 Jul 2020 12:39:34 +0000. Up 45.75 seconds.
[[0;32m  OK  [0m] Started Initial cloud-init job (pre-networking).
[[0;32m  OK  [0m] Reached target Network (Pre).
         Starting Network Service...
[[0;32m  OK  [0m] Started Network Service.
         Starting Network Name Resolution...
         Starting Wait for Network to be Configured...
[[0;32m  OK  [0m] Started Network Name Resolution.
[[0;32m  OK  [0m] Reached target Network.
[[0;32m  OK  [0m] Reached target Host and Network Name Lookups.
[[0;32m  OK  [0m] Started Wait for Network to be Configured.
         Starting Initial cloud-init job (metadata service crawler)...
[   53.705498] cloud-init[719]: Cloud-init v. 19.4-33-gbb4131a2-0ubuntu1~18.04.1 running 'init' at Tue, 07 Jul 2020 12:39:41 +0000. Up 52.77 seconds.
[   53.711738] cloud-init[719]: ci-info: ++++++++++++++++++++++++++++++++++++++Net device info+++++++++++++++++++++++++++++++++++++++
[   53.716867] cloud-init[719]: ci-info: +--------+------+-----------------------------+---------------+--------+-------------------+
[   53.720678] cloud-init[719]: ci-info: | Device |  Up  |           Address           |      Mask     | Scope  |     Hw-Address    |
[   53.723246] cloud-init[719]: ci-info: +--------+------+-----------------------------+---------------+--------+-------------------+
[   53.726187] cloud-init[719]: ci-info: | enp0s3 | True |          10.0.2.15          | 255.255.255.0 | global | 02:54:57:2b:5c:0a |
[   53.729458] cloud-init[719]: ci-info: | enp0s3 | True |  fe80::54:57ff:fe2b:5c0a/64 |       .       |  link  | 02:54:57:2b:5c:0a |
[   53.739545] cloud-init[719]: ci-info: | enp0s8 | True |        192.168.33.90        | 255.255.255.0 | global | 08:00:27:c6:da:61 |
[   53.742954] cloud-init[719]: ci-info: | enp0s8 | True | fe80::a00:27ff:fec6:da61/64 |       .       |  link  | 08:00:27:c6:da:61 |
[   53.746975] cloud-init[719]: ci-info: |   lo   | True |          127.0.0.1          |   255.0.0.0   |  host  |         .         |
[   53.750036] cloud-init[719]: ci-info: |   lo   | True |           ::1/128           |       .       |  host  |         .         |
[   53.753004] cloud-init[719]: ci-info: +--------+------+-----------------------------+---------------+--------+-------------------+
[   53.755853] cloud-init[719]: ci-info: +++++++++++++++++++++++++++++Route IPv4 info+++++++++++++++++++++++++++++
[   53.758502] cloud-init[719]: ci-info: +-------+--------------+----------+-----------------+-----------+-------+
[   53.761453] cloud-init[719]: ci-info: | Route | Destination  | Gateway  |     Genmask     | Interface | Flags |
[   53.764410] cloud-init[719]: ci-info: +-------+--------------+----------+-----------------+-----------+-------+
[   53.767035] cloud-init[719]: ci-info: |   0   |   0.0.0.0    | 10.0.2.2 |     0.0.0.0     |   enp0s3  |   UG  |
[   53.771904] cloud-init[719]: ci-info: |   1   |   10.0.2.0   | 0.0.0.0  |  255.255.255.0  |   enp0s3  |   U   |
[   53.776850] cloud-init[719]: ci-info: |   2   |   10.0.2.2   | 0.0.0.0  | 255.255.255.255 |   enp0s3  |   UH  |
[   53.792545] cloud-init[719]: ci-info: |   3   | 192.168.33.0 | 0.0.0.0  |  255.255.255.0  |   enp0s8  |   U   |
[   53.797081] cloud-init[719]: ci-info: +-------+--------------+----------+-----------------+-----------+-------+
[   53.799602] cloud-init[719]: ci-info: +++++++++++++++++++Route IPv6 info+++++++++++++++++++
[   53.802355] cloud-init[719]: ci-info: +-------+-------------+---------+-----------+-------+
[   53.804788] cloud-init[719]: ci-info: | Route | Destination | Gateway | Interface | Flags |
[   53.807522] cloud-init[719]: ci-info: +-------+-------------+---------+-----------+-------+
[   53.809845] cloud-init[719]: ci-info: |   1   |  fe80::/64  |    ::   |   enp0s8  |   U   |
[   53.832340] cloud-init[719]: ci-info: |   2   |  fe80::/64  |    ::   |   enp0s3  |   U   |
[   53.849027] cloud-init[719]: ci-info: |   4   |    local    |    ::   |   enp0s3  |   U   |
[   53.850924] cloud-init[719]: ci-info: |   5   |    local    |    ::   |   enp0s8  |   U   |
[   53.853225] cloud-init[719]: ci-info: |   6   |   ff00::/8  |    ::   |   enp0s8  |   U   |
[   53.864667] cloud-init[719]: ci-info: |   7   |   ff00::/8  |    ::   |   enp0s3  |   U   |
[   53.875837] cloud-init[719]: ci-info: +-------+-------------+---------+-----------+-------+
[[0;32m  OK  [0m] Started Initial cloud-init job (metadata service crawler).
[[0;32m  OK  [0m] Reached target System Initialization.
[[0;32m  OK  [0m] Listening on Open-iSCSI iscsid Socket.
[[0;32m  OK  [0m] Started Message of the Day.
         Starting Socket activation for snappy daemon.
[[0;32m  OK  [0m] Listening on UUID daemon activation socket.
[[0;32m  OK  [0m] Started Daily Cleanup of Temporary Directories.
[[0;32m  OK  [0m] Started ACPI Events Check.
[[0;32m  OK  [0m] Reached target Paths.
         Starting LXD - unix socket.
[[0;32m  OK  [0m] Listening on ACPID Listen Socket.
[[0;32m  OK  [0m] Started Clean PHP session files every 30 mins.
[[0;32m  OK  [0m] Started Discard unused blocks once a week.
[[0;32m  OK  [0m] Started Daily apt download activities.
[[0;32m  OK  [0m] Started Daily apt upgrade and clean activities.
[[0;32m  OK  [0m] Reached target Timers.
[[0;32m  OK  [0m] Listening on D-Bus System Message Bus Socket.
[[0;32m  OK  [0m] Reached target Cloud-config availability.
[[0;32m  OK  [0m] Reached target Network is Online.
         Starting Availability of block devices...
[[0;32m  OK  [0m] Reached target Remote File Systems (Pre).
[[0;32m  OK  [0m] Reached target Remote File Systems.
[[0;32m  OK  [0m] Listening on Socket activation for snappy daemon.
[[0;32m  OK  [0m] Listening on LXD - unix socket.
[[0;32m  OK  [0m] Reached target Sockets.
[[0;32m  OK  [0m] Reached target Basic System.
[[0;32m  OK  [0m] Started Regular background program processing daemon.
[[0;32m  OK  [0m] Started irqbalance daemon.
         Starting Virtualbox guest utils...
         Starting MySQL Community Server...
         Starting Login Service...
         Starting LSB: Record successful boot for GRUB...
         Starting OpenBSD Secure Shell server...
         Starting The Apache HTTP Server...
         Starting The PHP 7.2 FastCGI Process Manager...
[[0;32m  OK  [0m] Started D-Bus System Message Bus.
         Starting Permit User Sessions...
         Starting Accounts Service...
[[0;32m  OK  [0m] Started Deferred execution scheduler.
         Starting Advanced key-value store...
         Starting System Logging Service...
         Starting LXD - container startup/shutdown...
         Starting Clean php session files...
         Starting Dispatcher daemon for systemd-networkd...
         Starting LSB: automatic crash report generation...
[[0;32m  OK  [0m] Started FUSE filesystem for LXC.
         Starting Message of the Day...
         Starting Snappy daemon...
[[0;32m  OK  [0m] Started Availability of block devices.
[[0;32m  OK  [0m] Started Permit User Sessions.
[[0;32m  OK  [0m] Started Login Service.
[[0;32m  OK  [0m] Started Unattended Upgrades Shutdown.
         Starting Terminate Plymouth Boot Screen...
         Starting Hold until boot process finishes up...
[[0;32m  OK  [0m] Started OpenBSD Secure Shell server.
[[0;32m  OK  [0m] Started Hold until boot process finishes up.
[[0;32m  OK  [0m] Started Serial Getty on ttyS0.
         Starting Set console scheme...
[[0;32m  OK  [0m] Started Terminate Plymouth Boot Screen.
[[0;32m  OK  [0m] Started LSB: automatic crash report generation.
[[0;32m  OK  [0m] Started Set console scheme.
[[0;32m  OK  [0m] Created slice system-getty.slice.
[[0;32m  OK  [0m] Started Getty on tty1.
[[0;32m  OK  [0m] Reached target Login Prompts.
[[0;32m  OK  [0m] Started System Logging Service.
[[0;32m  OK  [0m] Started LSB: Record successful boot for GRUB.

Ubuntu 18.04.4 LTS laravelbionic ttyS0

laravelbionic login: [  104.149071] cloud-init[1837]: Cloud-init v. 19.4-33-gbb4131a2-0ubuntu1~18.04.1 running 'modules:config' at Tue, 07 Jul 2020 12:40:31 +0000. Up 102.39 seconds.
[  123.577770] cloud-init[2187]: Cloud-init v. 19.4-33-gbb4131a2-0ubuntu1~18.04.1 running 'modules:final' at Tue, 07 Jul 2020 12:40:50 +0000. Up 122.22 seconds.
[  123.578256] cloud-init[2187]: Cloud-init v. 19.4-33-gbb4131a2-0ubuntu1~18.04.1 finished at Tue, 07 Jul 2020 12:40:52 +0000. Datasource DataSourceNoCloud [seed=/dev/sdb][dsmode=net].  Up 123.55 seconds
